✓ Initialized. View run at 
https://modal.com/apps/ajianaz/main/ap-B81Y5ELh4Z92idroPfgB5j
✓ Created objects.
├── 🔨 Created mount 
│   /opt/data/github/codecoradev/uteke/benchmarks/longmemeval/modal_fanout.py
├── 🔨 Created mount 
│   /opt/data/github/codecoradev/uteke/benchmarks/longmemeval/run_eval.py
├── 🔨 Created mount 
│   /opt/data/github/codecoradev/uteke/benchmarks/longmemeval/data/longmemeval_s
│   _cleaned.json
├── 🔨 Created mount /opt/data/.codecora/uteke/models/embeddinggemma-q4
├── 🔨 Created function run_shard.
└── 🔨 Created function list_volume.
Fan-out: strategy=hybrid shards=20 limit=ALL
Stopping app - user stopped from CLI.
Runner terminated.
Runner terminated.
Runner terminated.
Runner terminated.
Runner terminated.
Runner terminated.
Runner terminated.
Runner terminated.
Runner terminated.
Runner terminated.
Runner terminated.
Runner terminated.
Runner terminated.
Runner terminated.
Runner terminated.
Runner terminated.
Runner terminated.
╭───────────────────── Traceback (most recent call last) ──────────────────────╮
│ /opt/data/github/codecoradev/uteke/benchmarks/longmemeval/modal_fanout.py:19 │
│ 7 in main                                                                    │
│                                                                              │
│   196 │   merged, seen = [], set()                                           │
│ ❱ 197 │   for res in run_shard.map(inputs):                                  │
│   198 │   │   n_eval = 0                                                     │
│                                                                              │
│ /opt/data/.local/lib/python3.13/site-packages/modal/_utils/async_utils.py:83 │
│ 9 in __iter__                                                                │
│                                                                              │
│    838 │   │   │   with Runner() as runner:                                  │
│ ❱  839 │   │   │   │   yield from run_async_gen(runner, self._async_iterable │
│    840 │   │   except NestedEventLoops:                                      │
│                                                                              │
│ /opt/data/.local/lib/python3.13/site-packages/modal/_utils/async_utils.py:91 │
│ 7 in run_async_gen                                                           │
│                                                                              │
│    916 │   │   │   else:                                                     │
│ ❱  917 │   │   │   │   next_yield = runner.run(gen.asend(next_send))  # type │
│    918 │   │   except KeyboardInterrupt as e:                                │
│                                                                              │
│ /usr/lib/python3.13/asyncio/base_events.py:725 in run_until_complete         │
│                                                                              │
│    724 │   │                                                                 │
│ ❱  725 │   │   return future.result()                                        │
│    726                                                                       │
│                                                                              │
│ /opt/data/.local/lib/python3.13/site-packages/modal/_utils/async_utils.py:74 │
│ 9 in asend                                                                   │
│                                                                              │
│    748 │   │   self.iterated = True                                          │
│ ❱  749 │   │   return await self.gen.asend(value)                            │
│    750                                                                       │
│                                                                              │
│ /opt/data/.local/lib/python3.13/site-packages/modal/parallel_map.py:1036 in  │
│ _map_async                                                                   │
│                                                                              │
│   1035 │   async_input_gen = async_zip(*[sync_or_async_iter(it) for it in in │
│ ❱ 1036 │   async for output in _map_helper(                                  │
│   1037 │   │   self,                                                         │
│                                                                              │
│ /opt/data/.local/lib/python3.13/site-packages/modal/parallel_map.py:1009 in  │
│ _map_helper                                                                  │
│                                                                              │
│   1008 │   ) as map_output_stream:                                           │
│ ❱ 1009 │   │   async for output in map_output_stream:                        │
│   1010 │   │   │   yield output                                              │
│                                                                              │
│ /opt/data/.local/lib/python3.13/site-packages/modal/_utils/async_utils.py:10 │
│ 91 in async_merge                                                            │
│                                                                              │
│   1090 │   │   │   │   │   assert_type(item, ExceptionWrapper)               │
│ ❱ 1091 │   │   │   │   │   raise item.value                                  │
│   1092                                                                       │
│                                                                              │
│ /opt/data/.local/lib/python3.13/site-packages/modal/_utils/async_utils.py:10 │
│ 70 in producer                                                               │
│                                                                              │
│   1069 │   │   │   async with aclosing(generator) as stream:                 │
│ ❱ 1070 │   │   │   │   async for item in stream:                             │
│   1071 │   │   │   │   │   await queue.put(ValueWrapper(item))               │
│                                                                              │
│ /opt/data/.local/lib/python3.13/site-packages/modal/_object.py:55 in wrapped │
│                                                                              │
│    54 │   │   async with aclosing(method(self, *args, **kwargs)) as stream:  │
│ ❱  55 │   │   │   async for item in stream:                                  │
│    56 │   │   │   │   yield item                                             │
│                                                                              │
│ /opt/data/.local/lib/python3.13/site-packages/modal/_functions.py:1650 in    │
│ _map                                                                         │
│                                                                              │
│   1649 │   │   │   ) as stream:                                              │
│ ❱ 1650 │   │   │   │   async for item in stream:                             │
│   1651 │   │   │   │   │   yield item                                        │
│                                                                              │
│ /opt/data/.local/lib/python3.13/site-packages/modal/parallel_map.py:965 in   │
│ _map_invocation_inputplane                                                   │
│                                                                              │
│    964 │   ) as merged:                                                      │
│ ❱  965 │   │   async for maybe_output in merged:                             │
│    966 │   │   │   if maybe_output is not None:  # ignore None sentinels     │
│                                                                              │
│ /opt/data/.local/lib/python3.13/site-packages/modal/_utils/async_utils.py:10 │
│ 91 in async_merge                                                            │
│                                                                              │
│   1090 │   │   │   │   │   assert_type(item, ExceptionWrapper)               │
│ ❱ 1091 │   │   │   │   │   raise item.value                                  │
│   1092                                                                       │
│                                                                              │
│ /opt/data/.local/lib/python3.13/site-packages/modal/_utils/async_utils.py:10 │
│ 70 in producer                                                               │
│                                                                              │
│   1069 │   │   │   async with aclosing(generator) as stream:                 │
│ ❱ 1070 │   │   │   │   async for item in stream:                             │
│   1071 │   │   │   │   │   await queue.put(ValueWrapper(item))               │
│                                                                              │
│ /opt/data/.local/lib/python3.13/site-packages/modal/parallel_map.py:921 in   │
│ poll_outputs                                                                 │
│                                                                              │
│    920 │   │   ) as streamer:                                                │
│ ❱  921 │   │   │   async for idx, output in streamer:                        │
│    922 │   │   │   │   if not order_outputs:                                 │
│                                                                              │
│ /opt/data/.local/lib/python3.13/site-packages/modal/_utils/async_utils.py:12 │
│ 20 in async_map_ordered                                                      │
│                                                                              │
│   1219 │   async with aclosing(async_map(async_zip(counter(), input_generato │
│ ❱ 1220 │   │   async for output_idx, output_item in stream:                  │
│   1221 │   │   │   buffer[output_idx] = output_item                          │
│                                                                              │
│ /opt/data/.local/lib/python3.13/site-packages/modal/_utils/async_utils.py:11 │
│ 96 in async_map                                                              │
│                                                                              │
│   1195 │   ) as stream:                                                      │
│ ❱ 1196 │   │   async for item in stream:                                     │
│   1197 │   │   │   yield item                                                │
│                                                                              │
│ /opt/data/.local/lib/python3.13/site-packages/modal/_utils/async_utils.py:10 │
│ 91 in async_merge                                                            │
│                                                                              │
│   1090 │   │   │   │   │   assert_type(item, ExceptionWrapper)               │
│ ❱ 1091 │   │   │   │   │   raise item.value                                  │
│   1092                                                                       │
│                                                                              │
│ /opt/data/.local/lib/python3.13/site-packages/modal/_utils/async_utils.py:10 │
│ 70 in producer                                                               │
│                                                                              │
│   1069 │   │   │   async with aclosing(generator) as stream:                 │
│ ❱ 1070 │   │   │   │   async for item in stream:                             │
│   1071 │   │   │   │   │   await queue.put(ValueWrapper(item))               │
│                                                                              │
│ /opt/data/.local/lib/python3.13/site-packages/modal/_utils/async_utils.py:11 │
│ 85 in worker                                                                 │
│                                                                              │
│   1184 │   │   │   if isinstance(item, ValueWrapper):                        │
│ ❱ 1185 │   │   │   │   res = await prevent_cancellation_abortion(async_mappe │
│   1186 │   │   │   │   yield res                                             │
│                                                                              │
│ /opt/data/.local/lib/python3.13/site-packages/modal/_utils/async_utils.py:11 │
│ 50 in prevent_cancellation_abortion                                          │
│                                                                              │
│   1149 │   try:                                                              │
│ ❱ 1150 │   │   return await asyncio.shield(t)                                │
│   1151 │   except asyncio.CancelledError:                                    │
│                                                                              │
│ /opt/data/.local/lib/python3.13/site-packages/modal/_utils/async_utils.py:12 │
│ 09 in mapper_func_wrapper                                                    │
│                                                                              │
│   1208 │   async def mapper_func_wrapper(tup: tuple[int, T]) -> tuple[int, V │
│ ❱ 1209 │   │   return (tup[0], await async_mapper_func(tup[1]))              │
│   1210                                                                       │
│                                                                              │
│ /opt/data/.local/lib/python3.13/site-packages/modal/parallel_map.py:910 in   │
│ fetch_output                                                                 │
│                                                                              │
│    909 │   │   │   else:                                                     │
│ ❱  910 │   │   │   │   raise e                                               │
│    911 │   │   return (item.idx, output)                                     │
│                                                                              │
│ /opt/data/.local/lib/python3.13/site-packages/modal/parallel_map.py:905 in   │
│ fetch_output                                                                 │
│                                                                              │
│    904 │   │   try:                                                          │
│ ❱  905 │   │   │   output = await _process_result(item.result, item.data_for │
│    906 │   │   except Exception as e:                                        │
│                                                                              │
│ /opt/data/.local/lib/python3.13/site-packages/modal/_utils/function_utils.py │
│ :550 in _process_result                                                      │
│                                                                              │
│   549 │   │                                                                  │
│ ❱ 550 │   │   raise RemoteError(result.exception)                            │
│   551                                                                        │
╰──────────────────────────────────────────────────────────────────────────────╯
RemoteError
✓ Initialized. View run at 
https://modal.com/apps/ajianaz/main/ap-19sx5htEuCgLw7mifYtwhV
✓ Created objects.
├── 🔨 Created mount 
│   /opt/data/github/codecoradev/uteke/benchmarks/longmemeval/modal_fanout.py
├── 🔨 Created mount 
│   /opt/data/github/codecoradev/uteke/benchmarks/longmemeval/data/longmemeval_s
│   _cleaned.json
├── 🔨 Created mount 
│   /opt/data/github/codecoradev/uteke/benchmarks/longmemeval/run_eval.py
├── 🔨 Created mount /opt/data/.codecora/uteke/models/embeddinggemma-q4
├── 🔨 Created function run_shard.
└── 🔨 Created function list_volume.
Fan-out: strategy=hybrid shards=20 limit=ALL
✓ Initialized. View run at 
https://modal.com/apps/ajianaz/main/ap-H2Wp8hhTGBEmLMBx9TXYzW
✓ Created objects.
├── 🔨 Created mount 
│   /opt/data/github/codecoradev/uteke/benchmarks/longmemeval/modal_fanout.py
├── 🔨 Created mount 
│   /opt/data/github/codecoradev/uteke/benchmarks/longmemeval/data/longmemeval_s
│   _cleaned.json
├── 🔨 Created mount 
│   /opt/data/github/codecoradev/uteke/benchmarks/longmemeval/run_eval.py
├── 🔨 Created mount /opt/data/.codecora/uteke/models/embeddinggemma-q4
├── 🔨 Created function run_shard.
└── 🔨 Created function list_volume.
Fan-out: strategy=hybrid shards=20 limit=ALL
Container terminated due to preemption. Your Function will be restarted with the same input. For more details, see https://modal.com/docs/guide/preemption
Container terminated due to preemption. Your Function will be restarted with the same input. For more details, see https://modal.com/docs/guide/preemption
Runner failed with exception: Worker disappeared, in-progress inputs will be re-scheduled.
Container terminated due to preemption. Your Function will be restarted with the same input. For more details, see https://modal.com/docs/guide/preemption
Container terminated due to preemption. Your Function will be restarted with the same input. For more details, see https://modal.com/docs/guide/preemption
Container terminated due to preemption. For more details, see https://modal.com/docs/guide/preemption
Runner terminated.
  shard  0: 25/25 questions in 4190.6s
  shard  1: 25/25 questions in 4059.8s
  shard  2: 25/25 questions in 4094.0s
Container terminated due to preemption. Your Function will be restarted with the same input. For more details, see https://modal.com/docs/guide/preemption
Container terminated due to preemption. Your Function will be restarted with the same input. For more details, see https://modal.com/docs/guide/preemption
Container terminated due to preemption. Your Function will be restarted with the same input. For more details, see https://modal.com/docs/guide/preemption
Container terminated due to preemption. Your Function will be restarted with the same input. For more details, see https://modal.com/docs/guide/preemption
Container terminated due to preemption. Your Function will be restarted with the same input. For more details, see https://modal.com/docs/guide/preemption
Container terminated due to preemption. Your Function will be restarted with the same input. For more details, see https://modal.com/docs/guide/preemption
  shard  3: 25/25 questions in 5802.8s
  shard  4: 25/25 questions in 4099.4s
  shard  5: 25/25 questions in 4246.5s
  shard  6: 25/25 questions in 4175.9s
  shard  7: 25/25 questions in 5948.5s
  shard  8: 25/25 questions in 5910.1s
  shard  9: 25/25 questions in 4138.0s
  shard 10: 25/25 questions in 5969.8s
  shard 11: 25/25 questions in 4112.3s
  shard 12: 25/25 questions in 5010.1s
  shard 13: 25/25 questions in 5690.3s
  shard 14: 25/25 questions in 4276.1s
  shard 15: 25/25 questions in 5263.5s
WARNING: Logs may not be continuous
WARNING: Logs may not be continuous
WARNING: Logs may not be continuous
WARNING: Logs may not be continuous
WARNING: Logs may not be continuous
WARNING: Logs may not be continuous
WARNING: Logs may not be continuous
WARNING: Logs may not be continuous
WARNING: Logs may not be continuous
WARNING: Logs may not be continuous
WARNING: Logs may not be continuous
WARNING: Logs may not be continuous
WARNING: Logs may not be continuous
WARNING: Logs may not be continuous
WARNING: Logs may not be continuous
WARNING: Logs may not be continuous
WARNING: Logs may not be continuous
WARNING: Logs may not be continuous
  shard 16: 25/25 questions in 5084.4s
  shard 17: 25/25 questions in 4178.2s
  shard 18: 25/25 questions in 4103.4s
  shard 19: 25/25 questions in 5038.7s

Done: 500 questions in 15929s wall clock
Results: results_modal_hybrid/retrieval_results.jsonl

Run: python print_metrics.py results_modal_hybrid/retrieval_results.jsonl
============================================================
Session-Level Retrieval Metrics
============================================================

Overall (470 questions):
  recall_all@5         = 0.9093
  ndcg_any@5           = 0.8749
  recall_all@10        = 0.9635
  ndcg_any@10          = 0.8972

knowledge-update (72 questions):
  recall_all@5         = 0.9861
  ndcg_any@5           = 0.9694
  recall_all@10        = 0.9931
  ndcg_any@10          = 0.9719

multi-session (121 questions):
  recall_all@5         = 0.8869
  ndcg_any@5           = 0.8580
  recall_all@10        = 0.9623
  ndcg_any@10          = 0.8920

single-session-assistant (56 questions):
  recall_all@5         = 0.9464
  ndcg_any@5           = 0.8955
  recall_all@10        = 0.9643
  ndcg_any@10          = 0.9015

single-session-preference (30 questions):
  recall_all@5         = 0.9000
  ndcg_any@5           = 0.7405
  recall_all@10        = 0.9333
  ndcg_any@10          = 0.7524

single-session-user (64 questions):
  recall_all@5         = 0.9844
  ndcg_any@5           = 0.9619
  recall_all@10        = 1.0000
  ndcg_any@10          = 0.9675

temporal-reasoning (127 questions):
  recall_all@5         = 0.8350
  ndcg_any@5           = 0.8162
  recall_all@10        = 0.9362
  ndcg_any@10          = 0.8566

============================================================
Turn-Level Retrieval Metrics
============================================================

(Not measured — this harness indexes sessions, not individual turns.)

============================================================
Summary Table (for README)
============================================================

| Question Type | Count | Recall@5 | Recall@10 | NDCG@5 | NDCG@10 |
|---------------|-------|----------|-----------|--------|---------|
| **Overall** | 470 | 0.909 | 0.963 | 0.875 | 0.897 |
| knowledge-update | 72 | 0.986 | 0.993 | 0.969 | 0.972 |
| multi-session | 121 | 0.887 | 0.962 | 0.858 | 0.892 |
| single-session-assistant | 56 | 0.946 | 0.964 | 0.896 | 0.901 |
| single-session-preference | 30 | 0.900 | 0.933 | 0.741 | 0.752 |
| single-session-user | 64 | 0.984 | 1.000 | 0.962 | 0.967 |
| temporal-reasoning | 127 | 0.835 | 0.936 | 0.816 | 0.857 |
Stopping app - local entrypoint completed.
✓ App completed. View run at 
https://modal.com/apps/ajianaz/main/ap-H2Wp8hhTGBEmLMBx9TXYzW
