[15:59:42] watcher start: strategy=hybrid shards=20 interval=600s
[15:59:53] pull: 0/20 shard, 0 Q merged → retrieval_results.jsonl
[15:59:55] app tidak aktif → relaunch modal_fanout (resume dari Volume)
[16:03:15] watcher start: strategy=hybrid shards=20 interval=600s
[16:03:24] pull: 0/20 shard, 0 Q merged → retrieval_results.jsonl
[16:03:26] app masih aktif
[16:13:35] pull: 0/20 shard, 0 Q merged → retrieval_results.jsonl
[16:13:37] app masih aktif
[16:22:04] watcher start: strategy=hybrid shards=20 interval=600s
[16:22:13] pull: 0/20 shard, 0 Q merged → retrieval_results.jsonl
[16:22:14] report: OK
[16:22:16] app masih aktif
[16:32:26] pull: 0/20 shard, 0 Q merged → retrieval_results.jsonl
[16:32:27] report: OK
[16:32:29] app masih aktif
[16:42:38] pull: 0/20 shard, 0 Q merged → retrieval_results.jsonl
[16:42:39] report: OK
[16:42:42] app tidak aktif → relaunch modal_fanout (resume dari Volume)
[16:52:52] pull: 0/20 shard, 0 Q merged → retrieval_results.jsonl
[16:52:53] report: OK
[16:52:55] app masih aktif
[17:00:10] watcher start: strategy=hybrid shards=20 interval=600s
[17:00:24] pull: 0/20 shard, 0 Q merged → retrieval_results.jsonl
[17:00:25] report: OK
[17:00:28] app tidak aktif → relaunch modal_fanout (resume dari Volume)
[17:10:37] pull: 0/20 shard, 0 Q merged → retrieval_results.jsonl
[17:10:38] report: OK
[17:10:40] app masih aktif
[17:20:49] pull: 0/20 shard, 0 Q merged → retrieval_results.jsonl
[17:20:50] report: OK
[17:20:52] app masih aktif
[17:31:02] pull: 0/20 shard, 0 Q merged → retrieval_results.jsonl
[17:31:03] report: OK
[17:31:05] app masih aktif
[17:41:14] pull: 0/20 shard, 0 Q merged → retrieval_results.jsonl
[17:41:14] report: OK
[17:41:17] app masih aktif
[17:51:27] pull: 0/20 shard, 0 Q merged → retrieval_results.jsonl
[17:51:28] report: OK
[17:51:31] app masih aktif
[18:01:39] pull: 0/20 shard, 0 Q merged → retrieval_results.jsonl
[18:01:40] report: OK
[18:01:42] app masih aktif
[18:11:52] pull: 5/20 shard, 125 Q merged → retrieval_results.jsonl
[18:11:53] report: OK
[18:11:55] app masih aktif
[18:22:06] pull: 5/20 shard, 125 Q merged → retrieval_results.jsonl
[18:22:07] report: OK
[18:22:09] app masih aktif
[18:32:19] pull: 7/20 shard, 175 Q merged → retrieval_results.jsonl
[18:32:19] report: OK
[18:32:21] app masih aktif
[18:42:32] pull: 12/20 shard, 300 Q merged → retrieval_results.jsonl
[18:42:33] report: OK
[18:42:36] app masih aktif
[18:52:46] pull: 13/20 shard, 325 Q merged → retrieval_results.jsonl
[18:52:46] report: OK
[18:52:49] app masih aktif
[19:02:59] pull: 13/20 shard, 325 Q merged → retrieval_results.jsonl
[19:03:00] report: OK
[19:03:02] app masih aktif
[19:13:11] pull: 15/20 shard, 375 Q merged → retrieval_results.jsonl
[19:13:12] report: OK
[19:13:14] app masih aktif
[19:23:25] pull: 15/20 shard, 375 Q merged → retrieval_results.jsonl
[19:23:26] report: OK
[19:23:28] app masih aktif
[19:33:38] pull: 16/20 shard, 400 Q merged → retrieval_results.jsonl
[19:33:39] report: OK
[19:33:41] app masih aktif
[19:43:52] pull: 16/20 shard, 400 Q merged → retrieval_results.jsonl
[19:43:53] report: OK
[19:43:56] app masih aktif
[19:54:07] pull: 18/20 shard, 450 Q merged → retrieval_results.jsonl
[19:54:08] report: OK
[19:54:11] app masih aktif
[20:04:20] pull: 18/20 shard, 450 Q merged → retrieval_results.jsonl
[20:04:21] report: OK
[20:04:25] app masih aktif
[20:14:36] pull: 18/20 shard, 450 Q merged → retrieval_results.jsonl
[20:14:37] report: OK
[20:14:39] app masih aktif
[20:24:50] pull: 19/20 shard, 475 Q merged → retrieval_results.jsonl
[20:24:51] report: OK
[20:24:53] app masih aktif
[20:35:06] pull: 19/20 shard, 475 Q merged → retrieval_results.jsonl
[20:35:07] report: OK
[20:35:10] app masih aktif
[20:45:29] pull: 19/20 shard, 475 Q merged → retrieval_results.jsonl
[20:45:34] report: OK
[20:45:40] app masih aktif
[20:55:54] pull: 19/20 shard, 475 Q merged → retrieval_results.jsonl
[20:55:55] report: OK
[20:56:00] app masih aktif
[21:06:14] pull: 19/20 shard, 475 Q merged → retrieval_results.jsonl
[21:06:15] report: OK
[21:06:19] app masih aktif
[21:16:34] pull: 19/20 shard, 475 Q merged → retrieval_results.jsonl
[21:16:35] report: OK
[21:16:39] app masih aktif
[21:26:53] pull: 20/20 shard, 500 Q merged → retrieval_results.jsonl
[21:26:55] report: OK
[21:26:55] SEMUA SHARD SELESAI — watcher berhenti
[21:26:55] metrik final tersimpan: lmeval_final_metrics.txt
